Testing bcryptjs...
Salt generated: $2b$10$B3fX4WiJqsnhMaXybClpoe
Hash generated: $2b$10$B3fX4WiJqsnhMaXybClpoemOPrVyEwUxYWhWWnYcat6EssZ7uGJOW
